#
# There is insufficient memory for the Java Runtime Environment to continue.
# Native memory allocation (mmap) failed to map 381681664 bytes. Error detail: G1 virtual space
# Possible reasons:
#   The system is out of physical RAM or swap space
#   This process is running with CompressedOops enabled, and the Java Heap may be blocking the growth of the native heap
# Possible solutions:
#   Reduce memory load on the system
#   Increase physical memory or swap space
#   Check if swap backing store is full
#   Decrease Java heap size (-Xmx/-Xms)
#   Decrease number of Java threads
#   Decrease Java thread stack sizes (-Xss)
#   Set larger code cache with -XX:ReservedCodeCacheSize=
#   JVM is running with Zero Based Compressed Oops mode in which the Java heap is
#     placed in the first 32GB address space. The Java Heap base address is the
#     maximum limit for the native heap growth. Please use -XX:HeapBaseMinAddress
#     to set the Java Heap base and to place the Java Heap above 32GB virtual address.
# This output file may be truncated or incomplete.
#
#  Out of Memory Error (os_windows.cpp:3926), pid=24224, tid=25680
#
# JRE version:  (21.0.10) (build )
# Java VM: OpenJDK 64-Bit Server VM (21.0.10+-14961533-b1163.108, mixed mode, sharing, tiered, compressed oops, compressed class ptrs, g1 gc, windows-amd64)
# No core dump will be written. Minidumps are not enabled by default on client versions of Windows
#

---------------  S U M M A R Y ------------

Command Line: git4idea.http.GitAskPassApp Username for 'https://github.com': 

Host: AMD Ryzen 7 6800H with Radeon Graphics         , 16 cores, 22G,  Windows 11 , 64 bit Build 26100 (10.0.26100.7920)
Time: Thu May 28 00:25:48 2026 SE Asia Standard Time elapsed time: 1.039139 seconds (0d 0h 0m 1s)

---------------  T H R E A D  ---------------

Current thread (0x000001ad30198ee0):  JavaThread "Unknown thread" [_thread_in_vm, id=25680, stack(0x0000006061900000,0x0000006061a00000) (1024K)]

Stack: [0x0000006061900000,0x0000006061a00000]
Native frames: (J=compiled Java code, j=interpreted, Vv=VM code, C=native code)
V  [jvm.dll+0x6d78a9]
V  [jvm.dll+0x8665b3]
V  [jvm.dll+0x868bde]
V  [jvm.dll+0x8692c3]
V  [jvm.dll+0x280ee6]
V  [jvm.dll+0x6d4165]
V  [jvm.dll+0x6c77fa]
V  [jvm.dll+0x358f4b]
V  [jvm.dll+0x360bc6]
V  [jvm.dll+0x3b2ea6]
V  [jvm.dll+0x3b3178]
V  [jvm.dll+0x32b65c]
V  [jvm.dll+0x32c34b]
V  [jvm.dll+0x82f449]
V  [jvm.dll+0x3c0078]
V  [jvm.dll+0x8185e8]
V  [jvm.dll+0x45449e]
V  [jvm.dll+0x455c01]
C  [jli.dll+0x52ab]
C  [ucrtbase.dll+0x37b0]
C  [KERNEL32.DLL+0x2e8d7]
C  [ntdll.dll+0x8c48c]


---------------  P R O C E S S  ---------------

Threads class SMR info:
_java_thread_list=0x00007ff8e500b9c8, length=0, elements={
}

Java Threads: ( => current thread )
Total: 0

Other Threads:
  0x000001ad30215c10 WorkerThread "GC Thread#0"                     [id=2384, stack(0x0000006061a00000,0x0000006061b00000) (1024K)]
  0x000001ad30222190 ConcurrentGCThread "G1 Main Marker"            [id=14368, stack(0x0000006061b00000,0x0000006061c00000) (1024K)]
  0x000001ad30224d90 WorkerThread "G1 Conc#0"                       [id=18220, stack(0x0000006061c00000,0x0000006061d00000) (1024K)]

[error occurred during error reporting (printing all threads), id 0xc0000005, EXCEPTION_ACCESS_VIOLATION (0xc0000005) at pc=0x00007ff8e47fe637]
VM state: not at safepoint (not fully initialized)

VM Mutex/Monitor currently owned by a thread:  ([mutex/lock_event])
[0x00007ff8e50787d0] Heap_lock - owner thread: 0x000001ad30198ee0

Heap address: 0x0000000694c00000, size: 5812 MB, Compressed Oops mode: Zero based, Oop shift amount: 3

CDS archive(s) mapped at: [0x0000000000000000-0x0000000000000000-0x0000000000000000), size 0, SharedBaseAddress: 0x0000000800000000, ArchiveRelocationMode: 1.
Narrow klass base: 0x0000000000000000, Narrow klass shift: 0, Narrow klass range: 0x0

GC Precious Log:
 CardTable entry size: 512
 Card Set container configuration: InlinePtr #cards 4 size 8 Array Of Cards #cards 32 size 80 Howl #buckets 8 coarsen threshold 7372 Howl Bitmap #cards 1024 size 144 coarsen threshold 921 Card regions per heap region 1 cards per card region 8192

Heap:
 garbage-first heap   total 0K, used 0K [0x0000000694c00000, 0x0000000800000000)
  region size 4096K, 0 young (0K), 0 survivors (0K)
 Metaspace       used 0K, committed 0K, reserved 0K
  class space    used 0K, committed 0K, reserved 0K

Heap Regions: E=young(eden), S=young(survivor), O=old, HS=humongous(starts), HC=humongous(continues), CS=collection set, F=free, TAMS=top-at-mark-start, PB=parsable bottom

Card table byte_map: [0x000001ad436f0000,0x000001ad44250000] _byte_map_base: 0x000001ad4024a000

Marking Bits: (CMBitMap*) 0x000001ad30216320
 Bits: [0x000001ad44250000, 0x000001ad49d20000)

GC Heap History (0 events):
No events

Dll operation events (1 events):
Event: 0.006 Loaded shared library D:\KHUSUS APP\Andro Stud\jbr\bin\java.dll

Deoptimization events (0 events):
No events

Classes loaded (0 events):
No events

Classes unloaded (0 events):
No events

Classes redefined (0 events):
No events

Internal exceptions (0 events):
No events

ZGC Phase Switch (0 events):
No events

VM Operations (0 events):
No events

Memory protections (0 events):
No events

Nmethod flushes (0 events):
No events

Events (0 events):
No events


Dynamic libraries:
0x00007ff6714d0000 - 0x00007ff6714da000 	D:\KHUSUS APP\Andro Stud\jbr\bin\java.exe
0x00007ff9a0bc0000 - 0x00007ff9a0e27000 	C:\WINDOWS\SYSTEM32\ntdll.dll
0x00007ff99f630000 - 0x00007ff99f6f9000 	C:\WINDOWS\System32\KERNEL32.DLL
0x00007ff99db00000 - 0x00007ff99def1000 	C:\WINDOWS\System32\KERNELBASE.dll
0x00007ff99d4a0000 - 0x00007ff99d5eb000 	C:\WINDOWS\System32\ucrtbase.dll
0x00007ff98dcc0000 - 0x00007ff98dcdb000 	D:\KHUSUS APP\Andro Stud\jbr\bin\VCRUNTIME140.dll
0x00007ff9983f0000 - 0x00007ff998408000 	D:\KHUSUS APP\Andro Stud\jbr\bin\jli.dll
0x00007ff99f330000 - 0x00007ff99f4f5000 	C:\WINDOWS\System32\USER32.dll
0x00007ff986af0000 - 0x00007ff986d83000 	C:\WINDOWS\WinSxS\amd64_microsoft.windows.common-controls_6595b64144ccf1df_6.0.26100.8037_none_3e092faae333b53b\COMCTL32.dll
0x00007ff99dad0000 - 0x00007ff99daf7000 	C:\WINDOWS\System32\win32u.dll
0x00007ff99f260000 - 0x00007ff99f309000 	C:\WINDOWS\System32\msvcrt.dll
0x00007ff9a04f0000 - 0x00007ff9a051b000 	C:\WINDOWS\System32\GDI32.dll
0x00007ff99d770000 - 0x00007ff99d89b000 	C:\WINDOWS\System32\gdi32full.dll
0x00007ff99df00000 - 0x00007ff99dfa3000 	C:\WINDOWS\System32\msvcp_win.dll
0x00007ff99f220000 - 0x00007ff99f251000 	C:\WINDOWS\System32\IMM32.DLL
0x00007ff995f90000 - 0x00007ff995f9c000 	D:\KHUSUS APP\Andro Stud\jbr\bin\vcruntime140_1.dll
0x00007ff986870000 - 0x00007ff9868fd000 	D:\KHUSUS APP\Andro Stud\jbr\bin\msvcp140.dll
0x00007ff8e44c0000 - 0x00007ff8e5156000 	D:\KHUSUS APP\Andro Stud\jbr\bin\server\jvm.dll
0x00007ff99f570000 - 0x00007ff99f62b000 	C:\WINDOWS\System32\ADVAPI32.dll
0x00007ff99fbb0000 - 0x00007ff99fc57000 	C:\WINDOWS\System32\sechost.dll
0x00007ff99fa90000 - 0x00007ff99fba8000 	C:\WINDOWS\System32\RPCRT4.dll
0x00007ff99f150000 - 0x00007ff99f1c4000 	C:\WINDOWS\System32\WS2_32.dll
0x00007ff99c0c0000 - 0x00007ff99c11e000 	C:\WINDOWS\SYSTEM32\POWRPROF.dll
0x00007ff996590000 - 0x00007ff99659b000 	C:\WINDOWS\SYSTEM32\VERSION.dll
0x00007ff98f240000 - 0x00007ff98f275000 	C:\WINDOWS\SYSTEM32\WINMM.dll
0x00007ff99c0a0000 - 0x00007ff99c0b4000 	C:\WINDOWS\SYSTEM32\UMPDC.dll
0x00007ff99c350000 - 0x00007ff99c36b000 	C:\WINDOWS\SYSTEM32\kernel.appcore.dll
0x00007ff995810000 - 0x00007ff99581a000 	D:\KHUSUS APP\Andro Stud\jbr\bin\jimage.dll
0x00007ff99afd0000 - 0x00007ff99b212000 	C:\WINDOWS\SYSTEM32\DBGHELP.DLL
0x00007ff99f700000 - 0x00007ff99fa82000 	C:\WINDOWS\System32\combase.dll
0x00007ff99fcf0000 - 0x00007ff99fdc7000 	C:\WINDOWS\System32\OLEAUT32.dll
0x00007ff985c80000 - 0x00007ff985cbb000 	C:\WINDOWS\SYSTEM32\dbgcore.DLL
0x00007ff99e8b0000 - 0x00007ff99e955000 	C:\WINDOWS\System32\bcryptPrimitives.dll
0x00007ff989ee0000 - 0x00007ff989f00000 	D:\KHUSUS APP\Andro Stud\jbr\bin\java.dll

JVMTI agents: none

dbghelp: loaded successfully - version: 4.0.5 - missing functions: none
symbol engine: initialized successfully - sym options: 0x614 - pdb path: .;D:\KHUSUS APP\Andro Stud\jbr\bin;C:\WINDOWS\SYSTEM32;C:\WINDOWS\WinSxS\amd64_microsoft.windows.common-controls_6595b64144ccf1df_6.0.26100.8037_none_3e092faae333b53b;D:\KHUSUS APP\Andro Stud\jbr\bin\server

VM Arguments:
java_command: git4idea.http.GitAskPassApp Username for 'https://github.com': 
java_class_path (initial): D:/KHUSUS APP/Andro Stud/plugins/vcs-git/lib/git4idea-rt.jar;D:/KHUSUS APP/Andro Stud/lib/externalProcess-rt.jar
Launcher Type: SUN_STANDARD

[Global flags]
     intx CICompilerCount                          = 12                                        {product} {ergonomic}
     uint ConcGCThreads                            = 3                                         {product} {ergonomic}
     uint G1ConcRefinementThreads                  = 13                                        {product} {ergonomic}
   size_t G1HeapRegionSize                         = 4194304                                   {product} {ergonomic}
    uintx GCDrainStackTargetSize                   = 64                                        {product} {ergonomic}
   size_t InitialHeapSize                          = 381681664                                 {product} {ergonomic}
   size_t MarkStackSize                            = 4194304                                   {product} {ergonomic}
   size_t MaxHeapSize                              = 6094323712                                {product} {ergonomic}
   size_t MinHeapDeltaBytes                        = 4194304                                   {product} {ergonomic}
   size_t MinHeapSize                              = 8388608                                   {product} {ergonomic}
    uintx NonNMethodCodeHeapSize                   = 7602480                                {pd product} {ergonomic}
    uintx NonProfiledCodeHeapSize                  = 122027880                              {pd product} {ergonomic}
    uintx ProfiledCodeHeapSize                     = 122027880                              {pd product} {ergonomic}
    uintx ReservedCodeCacheSize                    = 251658240                              {pd product} {ergonomic}
     bool SegmentedCodeCache                       = true                                      {product} {ergonomic}
   size_t SoftMaxHeapSize                          = 6094323712                             {manageable} {ergonomic}
     bool UseCompressedOops                        = true                           {product lp64_product} {ergonomic}
     bool UseG1GC                                  = true                                      {product} {ergonomic}
     bool UseLargePagesIndividualAllocation        = false                                  {pd product} {ergonomic}

Logging:
Log output configuration:
 #0: stdout all=warning uptime,level,tags foldmultilines=false
 #1: stderr all=off uptime,level,tags foldmultilines=false

Release file:
<release file has not been read>
Environment Variables:
PATH=C:\Program Files\Git\mingw64\libexec\git-core;C:\Program Files\Git\mingw64\libexec\git-core;C:\Program Files\Git\mingw64\bin;C:\Program Files\Git\usr\bin;C:\Users\LENOVO\bin;D:\KHUSUS APP\VM\bin;C:\ffmpeg\bin;C:\Program Files (x86)\Common Files\Oracle\Java\javapath;C:\Windows\system32;C:\Windows;C:\Windows\System32\Wbem;C:\Windows\System32\WindowsPowerShell\v1.0;C:\Windows\System32\OpenSSH;C:\WINDOWS\system32;C:\WINDOWS;C:\WINDOWS\System32\Wbem;C:\WINDOWS\System32\WindowsPowerShell\v1.0;C:\WINDOWS\System32\OpenSSH;C:\MinGW\bin;C:\Users\LENOVO\AppData\Local\Microsoft\WindowsApps;D:\KHUSUS APP\Microsoft VS Code\bin;C:\Program Files\GitHub CLI;C:\Program Files\Git\cmd;C:\WINDOWS\system32;C:\WINDOWS;C:\WINDOWS\System32\Wbem;C:\WINDOWS\System32\WindowsPowerShell\v1.0;C:\WINDOWS\System32\OpenSSH;C:\Program Files\NVIDIA Corporation\NVIDIA App\NvDLISR;C:\Program Files (x86)\NVIDIA Corporation\PhysX\Common;C:\Users\LENOVO\AppData\Local\Microsoft\WindowsApps;D:\KHUSUS APP\Microsoft VS Code\bin;C:\ffmpeg\bin
USERNAME=Von's
DISPLAY=:0.0
LC_ALL=en_US.UTF-8
TERM=xterm-256color
TMPDIR=C:\Users\LENOVO\AppData\Local\Temp
OS=Windows_NT
PROCESSOR_IDENTIFIER=AMD64 Family 25 Model 68 Stepping 1, AuthenticAMD
TMP=C:\Users\LENOVO\AppData\Local\Temp
TEMP=C:\Users\LENOVO\AppData\Local\Temp




Periodic native trim disabled

JNI global refs:
JNI global refs: 0, weak refs: 0

JNI global refs memory usage: 0, weak refs: 0

Process memory usage:
Resident Set Size: 13100K (0% of 23794712K total physical memory with 4562276K free physical memory)

OOME stack traces (most recent first):
Classloader memory used:

---------------  S Y S T E M  ---------------

OS:
 Windows 11 , 64 bit Build 26100 (10.0.26100.7920)
OS uptime: 0 days 1:37 hours

CPU: total 16 (initial active 16) (16 cores per cpu, 2 threads per core) family 25 model 68 stepping 1 microcode 0xa404101, cx8, cmov, fxsr, ht, mmx, 3dnowpref, sse, sse2, sse3, ssse3, sse4a, sse4.1, sse4.2, popcnt, lzcnt, tsc, tscinvbit, avx, avx2, aes, clmul, bmi1, bmi2, adx, sha, fma, vzeroupper, clflush, clflushopt, rdtscp, rdpid, f16c, pku, cet_ss
Processor Information for processor 0
  Max Mhz: 3201, Current Mhz: 2566, Mhz Limit: 3201
Processor Information for processor 1
  Max Mhz: 3201, Current Mhz: 2566, Mhz Limit: 3201
Processor Information for processor 2
  Max Mhz: 3201, Current Mhz: 2566, Mhz Limit: 3201
Processor Information for processor 3
  Max Mhz: 3201, Current Mhz: 2566, Mhz Limit: 3201
Processor Information for processor 4
  Max Mhz: 3201, Current Mhz: 2566, Mhz Limit: 3201
Processor Information for processor 5
  Max Mhz: 3201, Current Mhz: 2566, Mhz Limit: 3201
Processor Information for processor 6
  Max Mhz: 3201, Current Mhz: 2566, Mhz Limit: 3201
Processor Information for processor 7
  Max Mhz: 3201, Current Mhz: 2566, Mhz Limit: 3201
Processor Information for processor 8
  Max Mhz: 3201, Current Mhz: 2566, Mhz Limit: 3201
Processor Information for processor 9
  Max Mhz: 3201, Current Mhz: 2566, Mhz Limit: 3201
Processor Information for processor 10
  Max Mhz: 3201, Current Mhz: 3201, Mhz Limit: 3201
Processor Information for processor 11
  Max Mhz: 3201, Current Mhz: 2566, Mhz Limit: 3201
Processor Information for processor 12
  Max Mhz: 3201, Current Mhz: 2566, Mhz Limit: 3201
Processor Information for processor 13
  Max Mhz: 3201, Current Mhz: 2566, Mhz Limit: 3201
Processor Information for processor 14
  Max Mhz: 3201, Current Mhz: 2566, Mhz Limit: 3201
Processor Information for processor 15
  Max Mhz: 3201, Current Mhz: 2566, Mhz Limit: 3201

Memory: 4k page, system-wide physical 23237M (4455M free)
TotalPageFile size 25545M (AvailPageFile size 253M)
current process WorkingSet (physical memory assigned to process): 12M, peak: 12M
current process commit charge ("private bytes"): 70M, peak: 434M

vm_info: OpenJDK 64-Bit Server VM (21.0.10+-14961533-b1163.108) for windows-amd64 JRE (21.0.10+-14961533-b1163.108), built on 2026-03-02T19:58:50Z by "builder" with MS VC++ 16.10 / 16.11 (VS2019)

END.
