#
# There is insufficient memory for the Java Runtime Environment to continue.
# Native memory allocation (mmap) failed to map 264241152 bytes. Error detail: G1 virtual space
# Possible reasons:
#   The system is out of physical RAM or swap space
#   This process is running with CompressedOops enabled, and the Java Heap may be blocking the growth of the native heap
# Possible solutions:
#   Reduce memory load on the system
#   Increase physical memory or swap space
#   Check if swap backing store is full
#   Decrease Java heap size (-Xmx/-Xms)
#   Decrease number of Java threads
#   Decrease Java thread stack sizes (-Xss)
#   Set larger code cache with -XX:ReservedCodeCacheSize=
#   JVM is running with Zero Based Compressed Oops mode in which the Java heap is
#     placed in the first 32GB address space. The Java Heap base address is the
#     maximum limit for the native heap growth. Please use -XX:HeapBaseMinAddress
#     to set the Java Heap base and to place the Java Heap above 32GB virtual address.
# This output file may be truncated or incomplete.
#
#  Out of Memory Error (os_windows.cpp:3926), pid=25524, tid=33232
#
# JRE version:  (21.0.10) (build )
# Java VM: OpenJDK 64-Bit Server VM (21.0.10+-14961533-b1163.108, mixed mode, sharing, tiered, compressed oops, compressed class ptrs, g1 gc, windows-amd64)
# No core dump will be written. Minidumps are not enabled by default on client versions of Windows
#

---------------  S U M M A R Y ------------

Command Line: git4idea.http.GitAskPassApp Username for 'https://github.com': 

Host: 12th Gen Intel(R) Core(TM) i7-12650H, 16 cores, 15G,  Windows 11 , 64 bit Build 26100 (10.0.26100.8328)
Time: Thu Jun 11 12:25:03 2026 SE Asia Standard Time elapsed time: 1.111576 seconds (0d 0h 0m 1s)

---------------  T H R E A D  ---------------

Current thread (0x000001ad116b1540):  JavaThread "Unknown thread" [_thread_in_vm, id=33232, stack(0x0000000175b00000,0x0000000175c00000) (1024K)]

Stack: [0x0000000175b00000,0x0000000175c00000]
Native frames: (J=compiled Java code, j=interpreted, Vv=VM code, C=native code)
V  [jvm.dll+0x6d78a9]
V  [jvm.dll+0x8665b3]
V  [jvm.dll+0x868bde]
V  [jvm.dll+0x8692c3]
V  [jvm.dll+0x280ee6]
V  [jvm.dll+0x6d4165]
V  [jvm.dll+0x6c77fa]
V  [jvm.dll+0x358f4b]
V  [jvm.dll+0x360bc6]
V  [jvm.dll+0x3b2ea6]
V  [jvm.dll+0x3b3178]
V  [jvm.dll+0x32b65c]
V  [jvm.dll+0x32c34b]
V  [jvm.dll+0x82f449]
V  [jvm.dll+0x3c0078]
V  [jvm.dll+0x8185e8]
V  [jvm.dll+0x45449e]
V  [jvm.dll+0x455c01]
C  [jli.dll+0x52ab]
C  [ucrtbase.dll+0x37b0]
C  [KERNEL32.DLL+0x2e957]
C  [ntdll.dll+0x427c]


---------------  P R O C E S S  ---------------

Threads class SMR info:
_java_thread_list=0x00007ff95454b9c8, length=0, elements={
}

Java Threads: ( => current thread )
Total: 0

Other Threads:
  0x000001ad13ac1000 WorkerThread "GC Thread#0"                     [id=37768, stack(0x0000000175c00000,0x0000000175d00000) (1024K)]
  0x000001ad13ad2750 ConcurrentGCThread "G1 Main Marker"            [id=34600, stack(0x0000000175d00000,0x0000000175e00000) (1024K)]
  0x000001ad13ad4920 WorkerThread "G1 Conc#0"                       [id=34668, stack(0x0000000175e00000,0x0000000175f00000) (1024K)]

[error occurred during error reporting (printing all threads), id 0xc0000005, EXCEPTION_ACCESS_VIOLATION (0xc0000005) at pc=0x00007ff953d3e637]
VM state: not at safepoint (not fully initialized)

VM Mutex/Monitor currently owned by a thread:  ([mutex/lock_event])
[0x00007ff9545b87d0] Heap_lock - owner thread: 0x000001ad116b1540

Heap address: 0x0000000705e00000, size: 4002 MB, Compressed Oops mode: Zero based, Oop shift amount: 3

CDS archive(s) mapped at: [0x0000000000000000-0x0000000000000000-0x0000000000000000), size 0, SharedBaseAddress: 0x0000000800000000, ArchiveRelocationMode: 1.
Narrow klass base: 0x0000000000000000, Narrow klass shift: 0, Narrow klass range: 0x0

GC Precious Log:
 CardTable entry size: 512
 Card Set container configuration: InlinePtr #cards 4 size 8 Array Of Cards #cards 16 size 48 Howl #buckets 8 coarsen threshold 3686 Howl Bitmap #cards 512 size 80 coarsen threshold 460 Card regions per heap region 1 cards per card region 4096

Heap:
 garbage-first heap   total 0K, used 0K [0x0000000705e00000, 0x0000000800000000)
  region size 2048K, 0 young (0K), 0 survivors (0K)
 Metaspace       used 0K, committed 0K, reserved 0K
  class space    used 0K, committed 0K, reserved 0K

Heap Regions: E=young(eden), S=young(survivor), O=old, HS=humongous(starts), HC=humongous(continues), CS=collection set, F=free, TAMS=top-at-mark-start, PB=parsable bottom

Card table byte_map: [0x000001ad26c20000,0x000001ad27400000] _byte_map_base: 0x000001ad233f1000

Marking Bits: (CMBitMap*) 0x000001ad13ac1620
 Bits: [0x000001ad27400000, 0x000001ad2b288000)

GC Heap History (0 events):
No events

Dll operation events (1 events):
Event: 0.015 Loaded shared library C:\Program Files\Android\Android Studio\jbr\bin\java.dll

Deoptimization events (0 events):
No events

Classes loaded (0 events):
No events

Classes unloaded (0 events):
No events

Classes redefined (0 events):
No events

Internal exceptions (0 events):
No events

ZGC Phase Switch (0 events):
No events

VM Operations (0 events):
No events

Memory protections (0 events):
No events

Nmethod flushes (0 events):
No events

Events (0 events):
No events


Dynamic libraries:
0x00007ff65f470000 - 0x00007ff65f47a000 	C:\Program Files\Android\Android Studio\jbr\bin\java.exe
0x00007ff9f9720000 - 0x00007ff9f9987000 	C:\WINDOWS\SYSTEM32\ntdll.dll
0x00007ff9f8920000 - 0x00007ff9f89e9000 	C:\WINDOWS\System32\KERNEL32.DLL
0x00007ff9f6e80000 - 0x00007ff9f7277000 	C:\WINDOWS\System32\KERNELBASE.dll
0x00007ff9f6400000 - 0x00007ff9f654b000 	C:\WINDOWS\System32\ucrtbase.dll
0x00007ff9e0570000 - 0x00007ff9e0588000 	C:\Program Files\Android\Android Studio\jbr\bin\jli.dll
0x00007ff9df510000 - 0x00007ff9df52b000 	C:\Program Files\Android\Android Studio\jbr\bin\VCRUNTIME140.dll
0x00007ff9f8510000 - 0x00007ff9f86d6000 	C:\WINDOWS\System32\USER32.dll
0x00007ff9f6e50000 - 0x00007ff9f6e77000 	C:\WINDOWS\System32\win32u.dll
0x00007ff9dbc70000 - 0x00007ff9dbf02000 	C:\WINDOWS\WinSxS\amd64_microsoft.windows.common-controls_6595b64144ccf1df_6.0.26100.8457_none_3e0b2faee331e92d\COMCTL32.dll
0x00007ff9f9220000 - 0x00007ff9f924b000 	C:\WINDOWS\System32\GDI32.dll
0x00007ff9f6150000 - 0x00007ff9f627c000 	C:\WINDOWS\System32\gdi32full.dll
0x00007ff9f81e0000 - 0x00007ff9f8289000 	C:\WINDOWS\System32\msvcrt.dll
0x00007ff9f7280000 - 0x00007ff9f7323000 	C:\WINDOWS\System32\msvcp_win.dll
0x00007ff9f95f0000 - 0x00007ff9f9622000 	C:\WINDOWS\System32\IMM32.DLL
0x00007ff9ee360000 - 0x00007ff9ee36c000 	C:\Program Files\Android\Android Studio\jbr\bin\vcruntime140_1.dll
0x00007ff9941a0000 - 0x00007ff99422d000 	C:\Program Files\Android\Android Studio\jbr\bin\msvcp140.dll
0x00007ff953a00000 - 0x00007ff954696000 	C:\Program Files\Android\Android Studio\jbr\bin\server\jvm.dll
0x00007ff9f9520000 - 0x00007ff9f95d6000 	C:\WINDOWS\System32\ADVAPI32.dll
0x00007ff9f8870000 - 0x00007ff9f8917000 	C:\WINDOWS\System32\sechost.dll
0x00007ff9f7930000 - 0x00007ff9f7a48000 	C:\WINDOWS\System32\RPCRT4.dll
0x00007ff9f86e0000 - 0x00007ff9f8760000 	C:\WINDOWS\System32\WS2_32.dll
0x00007ff9ee580000 - 0x00007ff9ee5b6000 	C:\WINDOWS\SYSTEM32\WINMM.dll
0x00007ff9edb40000 - 0x00007ff9edb4b000 	C:\WINDOWS\SYSTEM32\VERSION.dll
0x00007ff9f4d70000 - 0x00007ff9f4dce000 	C:\WINDOWS\SYSTEM32\POWRPROF.dll
0x00007ff9f4d50000 - 0x00007ff9f4d64000 	C:\WINDOWS\SYSTEM32\UMPDC.dll
0x00007ff9f5000000 - 0x00007ff9f501b000 	C:\WINDOWS\SYSTEM32\kernel.appcore.dll
0x00007ff9e8fa0000 - 0x00007ff9e8faa000 	C:\Program Files\Android\Android Studio\jbr\bin\jimage.dll
0x00007ff9f3aa0000 - 0x00007ff9f3ce2000 	C:\WINDOWS\SYSTEM32\DBGHELP.DLL
0x00007ff9f75a0000 - 0x00007ff9f7923000 	C:\WINDOWS\System32\combase.dll
0x00007ff9f74a0000 - 0x00007ff9f7579000 	C:\WINDOWS\System32\OLEAUT32.dll
0x00007ff9b9330000 - 0x00007ff9b936b000 	C:\WINDOWS\SYSTEM32\dbgcore.DLL
0x00007ff9f73f0000 - 0x00007ff9f7498000 	C:\WINDOWS\System32\bcryptPrimitives.dll
0x00007ff9df4f0000 - 0x00007ff9df510000 	C:\Program Files\Android\Android Studio\jbr\bin\java.dll

JVMTI agents: none

dbghelp: loaded successfully - version: 4.0.5 - missing functions: none
symbol engine: initialized successfully - sym options: 0x614 - pdb path: .;C:\Program Files\Android\Android Studio\jbr\bin;C:\WINDOWS\SYSTEM32;C:\WINDOWS\WinSxS\amd64_microsoft.windows.common-controls_6595b64144ccf1df_6.0.26100.8457_none_3e0b2faee331e92d;C:\Program Files\Android\Android Studio\jbr\bin\server

VM Arguments:
java_command: git4idea.http.GitAskPassApp Username for 'https://github.com': 
java_class_path (initial): C:/Program Files/Android/Android Studio/plugins/vcs-git/lib/git4idea-rt.jar;C:/Program Files/Android/Android Studio/lib/externalProcess-rt.jar
Launcher Type: SUN_STANDARD

[Global flags]
     intx CICompilerCount                          = 12                                        {product} {ergonomic}
     uint ConcGCThreads                            = 3                                         {product} {ergonomic}
     uint G1ConcRefinementThreads                  = 13                                        {product} {ergonomic}
   size_t G1HeapRegionSize                         = 2097152                                   {product} {ergonomic}
    uintx GCDrainStackTargetSize                   = 64                                        {product} {ergonomic}
   size_t InitialHeapSize                          = 264241152                                 {product} {ergonomic}
   size_t MarkStackSize                            = 4194304                                   {product} {ergonomic}
   size_t MaxHeapSize                              = 4196401152                                {product} {ergonomic}
   size_t MinHeapDeltaBytes                        = 2097152                                   {product} {ergonomic}
   size_t MinHeapSize                              = 8388608                                   {product} {ergonomic}
    uintx NonNMethodCodeHeapSize                   = 7602480                                {pd product} {ergonomic}
    uintx NonProfiledCodeHeapSize                  = 122027880                              {pd product} {ergonomic}
    uintx ProfiledCodeHeapSize                     = 122027880                              {pd product} {ergonomic}
    uintx ReservedCodeCacheSize                    = 251658240                              {pd product} {ergonomic}
     bool SegmentedCodeCache                       = true                                      {product} {ergonomic}
   size_t SoftMaxHeapSize                          = 4196401152                             {manageable} {ergonomic}
     bool UseCompressedOops                        = true                           {product lp64_product} {ergonomic}
     bool UseG1GC                                  = true                                      {product} {ergonomic}
     bool UseLargePagesIndividualAllocation        = false                                  {pd product} {ergonomic}

Logging:
Log output configuration:
 #0: stdout all=warning uptime,level,tags foldmultilines=false
 #1: stderr all=off uptime,level,tags foldmultilines=false

Release file:
<release file has not been read>
Environment Variables:
PATH=C:\Program Files\Git\mingw64\libexec\git-core;C:\Program Files\Git\mingw64\libexec\git-core;C:\Program Files\Git\mingw64\bin;C:\Program Files\Git\usr\bin;C:\Users\treul\bin;C:\Program Files (x86)\VMware\VMware Player\bin;C:\Program Files\Common Files\Oracle\Java\javapath;C:\Program Files (x86)\Common Files\Oracle\Java\javapath;C:\Windows\system32;C:\Windows;C:\Windows\System32\Wbem;C:\Windows\System32\WindowsPowerShell\v1.0;C:\Windows\System32\OpenSSH;C:\Program Files (x86)\NVIDIA Corporation\PhysX\Common;C:\WINDOWS\system32;C:\WINDOWS;C:\WINDOWS\System32\Wbem;C:\WINDOWS\System32\WindowsPowerShell\v1.0;C:\WINDOWS\System32\OpenSSH;C:\Program Files\Microsoft VS Code\bin;C:\Program Files\NVIDIA Corporation\NVIDIA app\NvDLISR;C:\Program Files\Git\cmd;C:\Users\treul\AppData\Local\Programs\Python\Python37\Scripts;C:\Users\treul\AppData\Local\Programs\Python\Python37;C:\Users\treul\AppData\Local\Programs\Python\Launcher;C:\Program Files (x86)\Dev-Cpp\MinGW64\bin;C:\Users\treul\AppData\Local\Microsoft\WindowsApps;C:\Users\treul\Downloads\flutter_windows_3.44.0-stable\flutter\bin
USERNAME=treul
DISPLAY=:0.0
LC_ALL=en_US.UTF-8
TERM=xterm-256color
TMPDIR=C:\Users\treul\AppData\Local\Temp
OS=Windows_NT
PROCESSOR_IDENTIFIER=Intel64 Family 6 Model 154 Stepping 3, GenuineIntel
TMP=C:\Users\treul\AppData\Local\Temp
TEMP=C:\Users\treul\AppData\Local\Temp




Periodic native trim disabled

JNI global refs:
JNI global refs: 0, weak refs: 0

JNI global refs memory usage: 0, weak refs: 0

Process memory usage:
Resident Set Size: 13120K (0% of 16388852K total physical memory with 794132K free physical memory)

OOME stack traces (most recent first):
Classloader memory used:

---------------  S Y S T E M  ---------------

OS:
 Windows 11 , 64 bit Build 26100 (10.0.26100.8328)
OS uptime: 0 days 17:54 hours

CPU: total 16 (initial active 16) (8 cores per cpu, 2 threads per core) family 6 model 154 stepping 3 microcode 0x429, cx8, cmov, fxsr, ht, mmx, 3dnowpref, sse, sse2, sse3, ssse3, sse4.1, sse4.2, popcnt, lzcnt, tsc, tscinvbit, avx, avx2, aes, erms, clmul, bmi1, bmi2, adx, sha, fma, vzeroupper, clflush, clflushopt, clwb, serialize, rdtscp, rdpid, fsrm, f16c, pku, cet_ibt, cet_ss
Processor Information for processor 0
  Max Mhz: 2300, Current Mhz: 2300, Mhz Limit: 2300
Processor Information for processor 1
  Max Mhz: 2300, Current Mhz: 2300, Mhz Limit: 2300
Processor Information for processor 2
  Max Mhz: 2300, Current Mhz: 2300, Mhz Limit: 2300
Processor Information for processor 3
  Max Mhz: 2300, Current Mhz: 2300, Mhz Limit: 2300
Processor Information for processor 4
  Max Mhz: 2300, Current Mhz: 2300, Mhz Limit: 2300
Processor Information for processor 5
  Max Mhz: 2300, Current Mhz: 2300, Mhz Limit: 2300
Processor Information for processor 6
  Max Mhz: 2300, Current Mhz: 2300, Mhz Limit: 2300
Processor Information for processor 7
  Max Mhz: 2300, Current Mhz: 2300, Mhz Limit: 2300
Processor Information for processor 8
  Max Mhz: 2300, Current Mhz: 2300, Mhz Limit: 2300
Processor Information for processor 9
  Max Mhz: 2300, Current Mhz: 2300, Mhz Limit: 2300
Processor Information for processor 10
  Max Mhz: 2300, Current Mhz: 2300, Mhz Limit: 2300
Processor Information for processor 11
  Max Mhz: 2300, Current Mhz: 2300, Mhz Limit: 2300
Processor Information for processor 12
  Max Mhz: 2300, Current Mhz: 2300, Mhz Limit: 2300
Processor Information for processor 13
  Max Mhz: 2300, Current Mhz: 2300, Mhz Limit: 2300
Processor Information for processor 14
  Max Mhz: 2300, Current Mhz: 2300, Mhz Limit: 2300
Processor Information for processor 15
  Max Mhz: 2300, Current Mhz: 1488, Mhz Limit: 2300

Memory: 4k page, system-wide physical 16004M (775M free)
TotalPageFile size 48004M (AvailPageFile size 216M)
current process WorkingSet (physical memory assigned to process): 12M, peak: 12M
current process commit charge ("private bytes"): 70M, peak: 322M

vm_info: OpenJDK 64-Bit Server VM (21.0.10+-14961533-b1163.108) for windows-amd64 JRE (21.0.10+-14961533-b1163.108), built on 2026-03-02T19:58:50Z by "builder" with MS VC++ 16.10 / 16.11 (VS2019)

END.
